// Jest Snapshot v1, https://goo.gl/fbAQLP

exports[`<App /> renders correctly 1`] = `
<RNCSafeAreaProvider
  onInsetsChange={[Function]}
  style={
    Array [
      Object {
        "flex": 1,
      },
      undefined,
    ]
  }
>
  <RNSScreenStack
    style={
      Object {
        "flex": 1,
      }
    }
  >
    <RNSScreen
      forwardedRef={[Function]}
      onAppear={[Function]}
      onDisappear={[Function]}
      onDismissed={[Function]}
      onTransitionProgress={[Function]}
      onWillDisappear={[Function]}
      replaceAnimation="push"
      stackPresentation="push"
      style={
        Object {
          "bottom": 0,
          "left": 0,
          "position": "absolute",
          "right": 0,
          "top": 0,
        }
      }
    >
      <RNSScreenStackHeaderConfig
        backButtonInCustomView={false}
        backgroundColor="rgb(255, 255, 255)"
        color="rgb(0, 122, 255)"
        direction="ltr"
        disableBackButtonMenu={false}
        hidden={false}
        hideBackButton={false}
        largeTitleHideShadow={false}
        title="Main Menu"
        titleColor="rgb(28, 28, 30)"
        topInsetEnabled={false}
        translucent={false}
      />
      <View
        style={
          Array [
            Object {
              "flex": 1,
            },
            Object {
              "backgroundColor": "rgb(242, 242, 242)",
            },
            undefined,
          ]
        }
      >
        <RCTSafeAreaView
          emulateUnlessSupported={true}
          style={
            Object {
              "flex": 1,
              "justifyContent": "center",
            }
          }
        >
          <Text
            style={
              Object {
                "fontSize": 26,
                "marginBottom": 10,
                "textAlign": "center",
              }
            }
          >
            Vurm
          </Text>
          <View
            style={
              Object {
                "alignContent": "center",
                "flexDirection": "column",
              }
            }
          >
            <View
              accessible={true}
              focusable={true}
              onClick={[Function]}
              onResponderGrant={[Function]}
              onResponderMove={[Function]}
              onResponderRelease={[Function]}
              onResponderTerminate={[Function]}
              onResponderTerminationRequest={[Function]}
              onStartShouldSetResponder={[Function]}
              style={
                Object {
                  "alignSelf": "center",
                  "backgroundColor": "coral",
                  "borderRadius": 4,
                  "borderWidth": 0,
                  "marginBottom": 5,
                  "minWidth": "50%",
                  "opacity": 1,
                  "paddingHorizontal": 8,
                  "paddingVertical": 8,
                }
              }
            >
              <Text
                style={
                  Array [
                    Object {
                      "fontSize": 16,
                      "fontWeight": "400",
                      "textAlign": "center",
                    },
                    Object {
                      "color": "white",
                    },
                  ]
                }
              >
                Start Game
              </Text>
            </View>
            <View
              accessible={true}
              focusable={true}
              onClick={[Function]}
              onResponderGrant={[Function]}
              onResponderMove={[Function]}
              onResponderRelease={[Function]}
              onResponderTerminate={[Function]}
              onResponderTerminationRequest={[Function]}
              onStartShouldSetResponder={[Function]}
              style={
                Object {
                  "alignSelf": "center",
                  "backgroundColor": "oldlace",
                  "borderRadius": 4,
                  "borderWidth": 0,
                  "marginBottom": 5,
                  "minWidth": "50%",
                  "opacity": 1,
                  "paddingHorizontal": 8,
                  "paddingVertical": 8,
                }
              }
            >
              <Text
                style={
                  Array [
                    Object {
                      "fontSize": 16,
                      "fontWeight": "400",
                      "textAlign": "center",
                    },
                    Object {
                      "color": "coral",
                    },
                  ]
                }
              >
                Instructions
              </Text>
            </View>
            <View
              accessible={true}
              focusable={true}
              onClick={[Function]}
              onResponderGrant={[Function]}
              onResponderMove={[Function]}
              onResponderRelease={[Function]}
              onResponderTerminate={[Function]}
              onResponderTerminationRequest={[Function]}
              onStartShouldSetResponder={[Function]}
              style={
                Object {
                  "alignSelf": "center",
                  "backgroundColor": "oldlace",
                  "borderRadius": 4,
                  "borderWidth": 0,
                  "marginBottom": 5,
                  "minWidth": "50%",
                  "opacity": 1,
                  "paddingHorizontal": 8,
                  "paddingVertical": 8,
                }
              }
            >
              <Text
                style={
                  Array [
                    Object {
                      "fontSize": 16,
                      "fontWeight": "400",
                      "textAlign": "center",
                    },
                    Object {
                      "color": "coral",
                    },
                  ]
                }
              >
                Leaderboard
              </Text>
            </View>
          </View>
        </RCTSafeAreaView>
      </View>
    </RNSScreen>
  </RNSScreenStack>
</RNCSafeAreaProvider>
`;
